[status.cloud.sugarcrm.com/index.html]
[backblue.gif]
[fade.gif]
[index.html]
[hund-client-logos.s3.amazonaws.com/uploads/favicon-sugarcrm-b9ab8a9f-3840-4eac-a7ad-967e38099847.png]
[hund-client-logos.s3.amazonaws.com/uploads/square-sugarcrm-b5a8cb4f-f84b-4eee-b8ac-48d050511dd2.png]
[status.cloud.sugarcrm.com/assets/state/application-730f06f52bda277d81aa0e8954b95986e44cf514a3c28e174b817b0c1963428e.css]
[status.cloud.sugarcrm.com/assets/state/fonts-ec63007a2d1a514eaf1979e83872d9521c4532d5c14f8a9f6b96d55c5200c737.js]
[hund-client-logos.s3.amazonaws.com/uploads/sugarcrm-e8f64f39-53f3-45aa-baf7-f2a073535900.jpg]
[status.cloud.sugarcrm.com/subscriptions/new.html]
[status.cloud.sugarcrm.com/components/5b26a15e9944fe03f3873028.html]
[status.cloud.sugarcrm.com/components/5b26a2cf87d84436fd54acba.html]
[status.cloud.sugarcrm.com/components/5b26a2ed87d84436fd54acc5.html]
[status.cloud.sugarcrm.com/components/5b26a31087d84436fd54acd0.html]
[status.cloud.sugarcrm.com/components/5b26a1959944fe03f3873034.html]
[status.cloud.sugarcrm.com/components/5b26a1af9944fe03f387303f.html]
[status.cloud.sugarcrm.com/components/5b26a1d29944fe03f387304c.html]
[status.cloud.sugarcrm.com/components/5b26a1f29944fe03f3873057.html]
[status.cloud.sugarcrm.com/components/5b26a20e9944fe03f3873062.html]
[status.cloud.sugarcrm.com/components/5b26a2229944fe03f387306d.html]
[status.cloud.sugarcrm.com/components/5b26a2379944fe03f3873078.html]
[status.cloud.sugarcrm.com/components/5b26a2729944fe03f3873083.html]
[status.cloud.sugarcrm.com/components/5c39420250c68b3c707145f3.html]
[status.cloud.sugarcrm.com/components/5c3943d1315873193a2faa9b.html]
[status.cloud.sugarcrm.com/components/5c39442e3158730f0f2b15b8.html]
[status.cloud.sugarcrm.com/components/5b26a47987d84436fd54ad14.html]
[status.cloud.sugarcrm.com/components/5b26a39287d84436fd54acdd.html]
[status.cloud.sugarcrm.com/components/5b26a3ae87d84436fd54ace8.html]
[status.cloud.sugarcrm.com/components/5b26a3d587d84436fd54acf3.html]
[status.cloud.sugarcrm.com/components/5b26a3e987d84436fd54acfe.html]
[status.cloud.sugarcrm.com/components/5b26a3fe87d84436fd54ad09.html]
[status.cloud.sugarcrm.com/components/5b26c0834e80f1268d93b536.html]
[status.cloud.sugarcrm.com/components/5b26c0aa4e80f1268d93b541.html]
[status.cloud.sugarcrm.com/components/5b26bf884e80f1268d93b4fe.html]
[status.cloud.sugarcrm.com/components/5b26bfb94e80f1268d93b509.html]
[status.cloud.sugarcrm.com/components/5b26c01d4e80f1268d93b514.html]
[status.cloud.sugarcrm.com/components/5b26c03d4e80f1268d93b51f.html]
[status.cloud.sugarcrm.com/components/5b26c05b4e80f1268d93b52a.html]
[status.cloud.sugarcrm.com/history.html]
[status.cloud.sugarcrm.com/assets/state/application-75a73c92a03d421300a6cc2baede8f6fe19c9ee909d824a41e03547dfd45e7c6.js]
[status.cloud.sugarcrm.com/assets/state/hund-226527b52e9e47bae2275130430ee739bbe267b47c5285683f68460e3c56d274.js]
[status.cloud.sugarcrm.com/index.html]
[status.cloud.sugarcrm.com/indexbd4b.html]
[status.cloud.sugarcrm.com/indexa433.html]
[status.cloud.sugarcrm.com/index0d31.html]
[status.cloud.sugarcrm.com/indexf9ce.html]
[status.cloud.sugarcrm.com/assets/octicons-c355dd7ea20aedb2a3e383bac3e5ddf5f0f8f47ae40dd00564c56812906a9bacd41d.eot]
[status.cloud.sugarcrm.com/index2362.html]
[status.cloud.sugarcrm.com/assets/octicons-1eadfeaecac67469af54b5f7aa860cad3eb0d4ae06e18ad8b6943315a60dab2b.woff]
[status.cloud.sugarcrm.com/assets/octicons-9538e66dcb0074dc7747a290d755ccd1fad33499054be8ce2b34aae2fa58de90.ttf]
[status.cloud.sugarcrm.com/assets/octicons-1a575482153d237693ecc87b05a928121608a256f423a6374e40d3cf7a1be2ff.svg]
[status.cloud.sugarcrm.com/index4c33.html]
[status.cloud.sugarcrm.com/assets/state/inputs/flags-ca247d1a55d40757c7f1fe72fe992788a8366719eae274538d408d39b7d21e1a.png]
[status.cloud.sugarcrm.com/indexaf37.html]
[status.cloud.sugarcrm.com/assets/state/inputs/flags@2x-0e1e53ff8ec148405cb90b530ffea6515bde82a2fbebf8646578d2eb2dc4b5c4.png]
[status.cloud.sugarcrm.com/assets/state/application-730f06f52bda277d81aa0e8954b95986e44cf514a3c28e174b817b0c1963428e.css]
[status.cloud.sugarcrm.com/assets/intltelinput-utils-b43d2f3c9b2d776b6e209e3312b88dd10e79813b7952f87d1f167be5161572c4.js]
[status.cloud.sugarcrm.com/assets/state/push_subscription_form/push_subscription_form-ad11c72b56d7cb5d2aadf3659d9751a320c61385dc2858f7a253180d2bf95122.js]
[status.cloud.sugarcrm.com/index63fd.html]
[status.cloud.sugarcrm.com/subscriptions/newbd4b.html]
[status.cloud.sugarcrm.com/subscriptions/newa433.html]
[status.cloud.sugarcrm.com/subscriptions/new0d31.html]
[status.cloud.sugarcrm.com/subscriptions/newf9ce.html]
[status.cloud.sugarcrm.com/subscriptions/new2362.html]
[status.cloud.sugarcrm.com/subscriptions/newaf37.html]
[status.cloud.sugarcrm.com/subscriptions/new4c33.html]
[status.cloud.sugarcrm.com/subscriptions/new.html]
[status.cloud.sugarcrm.com/subscriptions/new63fd.html]
[status.cloud.sugarcrm.com/components/5b26a15e9944fe03f3873028bd4b.html]
[status.cloud.sugarcrm.com/components/5b26a15e9944fe03f3873028a433.html]
[status.cloud.sugarcrm.com/components/5b26a15e9944fe03f38730280d31.html]
[status.cloud.sugarcrm.com/components/5b26a15e9944fe03f3873028f9ce.html]
[status.cloud.sugarcrm.com/components/5b26a15e9944fe03f38730282362.html]
[status.cloud.sugarcrm.com/components/5b26a15e9944fe03f3873028af37.html]
[status.cloud.sugarcrm.com/components/5b26a15e9944fe03f38730284c33.html]
[status.cloud.sugarcrm.com/components/5b26a15e9944fe03f3873028.html]
[status.cloud.sugarcrm.com/components/5b26a15e9944fe03f387302863fd.html]
[status.cloud.sugarcrm.com/components/5b26a2cf87d84436fd54acbabd4b.html]
[status.cloud.sugarcrm.com/components/5b26a2cf87d84436fd54acbaa433.html]
[status.cloud.sugarcrm.com/components/5b26a2cf87d84436fd54acba0d31.html]
[status.cloud.sugarcrm.com/components/5b26a2cf87d84436fd54acbaf9ce.html]
[status.cloud.sugarcrm.com/components/5b26a2cf87d84436fd54acba2362.html]
[status.cloud.sugarcrm.com/components/5b26a2cf87d84436fd54acbaaf37.html]
[status.cloud.sugarcrm.com/components/5b26a2cf87d84436fd54acba4c33.html]
[status.cloud.sugarcrm.com/components/5b26a2cf87d84436fd54acba.html]
[status.cloud.sugarcrm.com/components/5b26a2cf87d84436fd54acba63fd.html]
[status.cloud.sugarcrm.com/components/5b26a2ed87d84436fd54acc5bd4b.html]
[status.cloud.sugarcrm.com/components/5b26a2ed87d84436fd54acc5a433.html]
[status.cloud.sugarcrm.com/components/5b26a2ed87d84436fd54acc50d31.html]
[status.cloud.sugarcrm.com/components/5b26a2ed87d84436fd54acc5f9ce.html]
[status.cloud.sugarcrm.com/components/5b26a2ed87d84436fd54acc52362.html]
[status.cloud.sugarcrm.com/components/5b26a2ed87d84436fd54acc5af37.html]
[status.cloud.sugarcrm.com/components/5b26a2ed87d84436fd54acc54c33.html]
[status.cloud.sugarcrm.com/components/5b26a2ed87d84436fd54acc5.html]
[status.cloud.sugarcrm.com/components/5b26a2ed87d84436fd54acc563fd.html]
[status.cloud.sugarcrm.com/components/5b26a31087d84436fd54acd0/history.html]
[status.cloud.sugarcrm.com/components/5b26a31087d84436fd54acd0bd4b.html]
[status.cloud.sugarcrm.com/components/5b26a31087d84436fd54acd0a433.html]
[status.cloud.sugarcrm.com/components/5b26a31087d84436fd54acd00d31.html]
[status.cloud.sugarcrm.com/components/5b26a31087d84436fd54acd0f9ce.html]
[status.cloud.sugarcrm.com/components/5b26a31087d84436fd54acd02362.html]
[status.cloud.sugarcrm.com/components/5b26a31087d84436fd54acd0af37.html]
[status.cloud.sugarcrm.com/components/5b26a31087d84436fd54acd04c33.html]
[status.cloud.sugarcrm.com/components/5b26a31087d84436fd54acd0.html]
[status.cloud.sugarcrm.com/components/5b26a31087d84436fd54acd063fd.html]
[status.cloud.sugarcrm.com/components/5b26a1959944fe03f3873034bd4b.html]
[status.cloud.sugarcrm.com/components/5b26a1959944fe03f3873034a433.html]
[status.cloud.sugarcrm.com/components/5b26a1959944fe03f38730340d31.html]
[status.cloud.sugarcrm.com/components/5b26a1959944fe03f3873034f9ce.html]
[status.cloud.sugarcrm.com/components/5b26a1959944fe03f38730342362.html]
[status.cloud.sugarcrm.com/components/5b26a1959944fe03f3873034af37.html]
[status.cloud.sugarcrm.com/components/5b26a1959944fe03f38730344c33.html]
[status.cloud.sugarcrm.com/components/5b26a1959944fe03f3873034.html]
[status.cloud.sugarcrm.com/components/5b26a1959944fe03f387303463fd.html]
[status.cloud.sugarcrm.com/components/5b26a1af9944fe03f387303f/history.html]
[status.cloud.sugarcrm.com/components/5b26a1af9944fe03f387303fbd4b.html]
[status.cloud.sugarcrm.com/components/5b26a1af9944fe03f387303fa433.html]
[status.cloud.sugarcrm.com/components/5b26a1af9944fe03f387303f0d31.html]
[status.cloud.sugarcrm.com/components/5b26a1af9944fe03f387303ff9ce.html]
[status.cloud.sugarcrm.com/components/5b26a1af9944fe03f387303f2362.html]
[status.cloud.sugarcrm.com/components/5b26a1af9944fe03f387303faf37.html]
[status.cloud.sugarcrm.com/components/5b26a1af9944fe03f387303f4c33.html]
[status.cloud.sugarcrm.com/components/5b26a1af9944fe03f387303f.html]
[status.cloud.sugarcrm.com/components/5b26a1af9944fe03f387303f63fd.html]
[status.cloud.sugarcrm.com/components/5b26a1d29944fe03f387304cbd4b.html]
[status.cloud.sugarcrm.com/components/5b26a1d29944fe03f387304ca433.html]
[status.cloud.sugarcrm.com/components/5b26a1d29944fe03f387304c0d31.html]
[status.cloud.sugarcrm.com/components/5b26a1d29944fe03f387304cf9ce.html]
[status.cloud.sugarcrm.com/components/5b26a1d29944fe03f387304c2362.html]
[status.cloud.sugarcrm.com/components/5b26a1d29944fe03f387304caf37.html]
[status.cloud.sugarcrm.com/components/5b26a1d29944fe03f387304c4c33.html]
[status.cloud.sugarcrm.com/components/5b26a1d29944fe03f387304c.html]
[status.cloud.sugarcrm.com/components/5b26a1d29944fe03f387304c63fd.html]
[status.cloud.sugarcrm.com/components/5b26a1f29944fe03f3873057bd4b.html]
[status.cloud.sugarcrm.com/components/5b26a1f29944fe03f3873057a433.html]
[status.cloud.sugarcrm.com/components/5b26a1f29944fe03f38730570d31.html]
[status.cloud.sugarcrm.com/components/5b26a1f29944fe03f3873057f9ce.html]
[status.cloud.sugarcrm.com/components/5b26a1f29944fe03f38730572362.html]
[status.cloud.sugarcrm.com/components/5b26a1f29944fe03f3873057af37.html]
[status.cloud.sugarcrm.com/components/5b26a1f29944fe03f38730574c33.html]
[status.cloud.sugarcrm.com/components/5b26a1f29944fe03f3873057.html]
[status.cloud.sugarcrm.com/components/5b26a1f29944fe03f387305763fd.html]
[status.cloud.sugarcrm.com/components/5b26a20e9944fe03f3873062bd4b.html]
[status.cloud.sugarcrm.com/components/5b26a20e9944fe03f3873062a433.html]
[status.cloud.sugarcrm.com/components/5b26a20e9944fe03f38730620d31.html]
[status.cloud.sugarcrm.com/components/5b26a20e9944fe03f3873062f9ce.html]
[status.cloud.sugarcrm.com/components/5b26a20e9944fe03f38730622362.html]
[status.cloud.sugarcrm.com/components/5b26a20e9944fe03f3873062af37.html]
[status.cloud.sugarcrm.com/components/5b26a20e9944fe03f38730624c33.html]
[status.cloud.sugarcrm.com/components/5b26a20e9944fe03f3873062.html]
[status.cloud.sugarcrm.com/components/5b26a20e9944fe03f387306263fd.html]
[status.cloud.sugarcrm.com/components/5b26a2229944fe03f387306dbd4b.html]
[status.cloud.sugarcrm.com/components/5b26a2229944fe03f387306da433.html]
[status.cloud.sugarcrm.com/components/5b26a2229944fe03f387306d0d31.html]
[status.cloud.sugarcrm.com/components/5b26a2229944fe03f387306df9ce.html]
[status.cloud.sugarcrm.com/components/5b26a2229944fe03f387306d2362.html]
[status.cloud.sugarcrm.com/components/5b26a2229944fe03f387306daf37.html]
[status.cloud.sugarcrm.com/components/5b26a2229944fe03f387306d4c33.html]
[status.cloud.sugarcrm.com/components/5b26a2229944fe03f387306d.html]
[status.cloud.sugarcrm.com/components/5b26a2229944fe03f387306d63fd.html]
[status.cloud.sugarcrm.com/components/5b26a2379944fe03f3873078/history.html]
[status.cloud.sugarcrm.com/components/5b26a2379944fe03f3873078bd4b.html]
[status.cloud.sugarcrm.com/components/5b26a2379944fe03f3873078a433.html]
[status.cloud.sugarcrm.com/components/5b26a2379944fe03f38730780d31.html]
[status.cloud.sugarcrm.com/components/5b26a2379944fe03f3873078f9ce.html]
[status.cloud.sugarcrm.com/components/5b26a2379944fe03f38730782362.html]
[status.cloud.sugarcrm.com/components/5b26a2379944fe03f3873078af37.html]
[status.cloud.sugarcrm.com/components/5b26a2379944fe03f38730784c33.html]
[status.cloud.sugarcrm.com/components/5b26a2379944fe03f3873078.html]
[status.cloud.sugarcrm.com/components/5b26a2379944fe03f387307863fd.html]
[status.cloud.sugarcrm.com/components/5b26a2729944fe03f3873083bd4b.html]
[status.cloud.sugarcrm.com/components/5b26a2729944fe03f3873083a433.html]
[status.cloud.sugarcrm.com/components/5b26a2729944fe03f38730830d31.html]
[status.cloud.sugarcrm.com/components/5b26a2729944fe03f3873083f9ce.html]
[status.cloud.sugarcrm.com/components/5b26a2729944fe03f38730832362.html]
[status.cloud.sugarcrm.com/components/5b26a2729944fe03f3873083af37.html]
[status.cloud.sugarcrm.com/components/5b26a2729944fe03f38730834c33.html]
[status.cloud.sugarcrm.com/components/5b26a2729944fe03f3873083.html]
[status.cloud.sugarcrm.com/components/5b26a2729944fe03f387308363fd.html]
[status.cloud.sugarcrm.com/components/5c39420250c68b3c707145f3/history.html]
[status.cloud.sugarcrm.com/components/5c39420250c68b3c707145f3bd4b.html]
[status.cloud.sugarcrm.com/components/5c39420250c68b3c707145f3a433.html]
[status.cloud.sugarcrm.com/components/5c39420250c68b3c707145f30d31.html]
[status.cloud.sugarcrm.com/components/5c39420250c68b3c707145f3f9ce.html]
[status.cloud.sugarcrm.com/components/5c39420250c68b3c707145f32362.html]
[status.cloud.sugarcrm.com/components/5c39420250c68b3c707145f3af37.html]
[status.cloud.sugarcrm.com/components/5c39420250c68b3c707145f34c33.html]
[status.cloud.sugarcrm.com/components/5c39420250c68b3c707145f3.html]
[status.cloud.sugarcrm.com/components/5c39420250c68b3c707145f363fd.html]
[status.cloud.sugarcrm.com/components/5c3943d1315873193a2faa9bbd4b.html]
[status.cloud.sugarcrm.com/components/5c3943d1315873193a2faa9ba433.html]
[status.cloud.sugarcrm.com/components/5c3943d1315873193a2faa9b0d31.html]
[status.cloud.sugarcrm.com/components/5c3943d1315873193a2faa9bf9ce.html]
[status.cloud.sugarcrm.com/components/5c3943d1315873193a2faa9b2362.html]
[status.cloud.sugarcrm.com/components/5c3943d1315873193a2faa9baf37.html]
[status.cloud.sugarcrm.com/components/5c3943d1315873193a2faa9b4c33.html]
[status.cloud.sugarcrm.com/components/5c3943d1315873193a2faa9b.html]
[status.cloud.sugarcrm.com/components/5c3943d1315873193a2faa9b63fd.html]
[status.cloud.sugarcrm.com/components/5c39442e3158730f0f2b15b8bd4b.html]
[status.cloud.sugarcrm.com/components/5c39442e3158730f0f2b15b8a433.html]
[status.cloud.sugarcrm.com/components/5c39442e3158730f0f2b15b80d31.html]
[status.cloud.sugarcrm.com/components/5c39442e3158730f0f2b15b8f9ce.html]
[status.cloud.sugarcrm.com/components/5c39442e3158730f0f2b15b82362.html]
[status.cloud.sugarcrm.com/components/5c39442e3158730f0f2b15b8af37.html]
[status.cloud.sugarcrm.com/components/5c39442e3158730f0f2b15b84c33.html]
[status.cloud.sugarcrm.com/components/5c39442e3158730f0f2b15b8.html]
[status.cloud.sugarcrm.com/components/5c39442e3158730f0f2b15b863fd.html]
[status.cloud.sugarcrm.com/components/5b26a47987d84436fd54ad14bd4b.html]
[status.cloud.sugarcrm.com/components/5b26a47987d84436fd54ad14a433.html]
[status.cloud.sugarcrm.com/components/5b26a47987d84436fd54ad140d31.html]
[status.cloud.sugarcrm.com/components/5b26a47987d84436fd54ad14f9ce.html]
[status.cloud.sugarcrm.com/components/5b26a47987d84436fd54ad142362.html]
[status.cloud.sugarcrm.com/components/5b26a47987d84436fd54ad14af37.html]
[status.cloud.sugarcrm.com/components/5b26a47987d84436fd54ad144c33.html]
[status.cloud.sugarcrm.com/components/5b26a47987d84436fd54ad14.html]
[status.cloud.sugarcrm.com/components/5b26a47987d84436fd54ad1463fd.html]
[status.cloud.sugarcrm.com/components/5b26a39287d84436fd54acdd/history.html]
[status.cloud.sugarcrm.com/components/5b26a39287d84436fd54acddbd4b.html]
[status.cloud.sugarcrm.com/components/5b26a39287d84436fd54acdda433.html]
[status.cloud.sugarcrm.com/components/5b26a39287d84436fd54acdd0d31.html]
[status.cloud.sugarcrm.com/components/5b26a39287d84436fd54acddf9ce.html]
[status.cloud.sugarcrm.com/components/5b26a39287d84436fd54acdd2362.html]
[status.cloud.sugarcrm.com/components/5b26a39287d84436fd54acddaf37.html]
[status.cloud.sugarcrm.com/components/5b26a39287d84436fd54acdd4c33.html]
[status.cloud.sugarcrm.com/components/5b26a39287d84436fd54acdd.html]
[status.cloud.sugarcrm.com/components/5b26a39287d84436fd54acdd63fd.html]
[status.cloud.sugarcrm.com/components/5b26a3ae87d84436fd54ace8/history.html]
[status.cloud.sugarcrm.com/components/5b26a3ae87d84436fd54ace8bd4b.html]
[status.cloud.sugarcrm.com/components/5b26a3ae87d84436fd54ace8a433.html]
[status.cloud.sugarcrm.com/components/5b26a3ae87d84436fd54ace80d31.html]
[status.cloud.sugarcrm.com/components/5b26a3ae87d84436fd54ace8f9ce.html]
[status.cloud.sugarcrm.com/components/5b26a3ae87d84436fd54ace82362.html]
[status.cloud.sugarcrm.com/components/5b26a3ae87d84436fd54ace8af37.html]
[status.cloud.sugarcrm.com/components/5b26a3ae87d84436fd54ace84c33.html]
[status.cloud.sugarcrm.com/components/5b26a3ae87d84436fd54ace8.html]
[status.cloud.sugarcrm.com/components/5b26a3ae87d84436fd54ace863fd.html]
[status.cloud.sugarcrm.com/components/5b26a3d587d84436fd54acf3bd4b.html]
[status.cloud.sugarcrm.com/components/5b26a3d587d84436fd54acf3a433.html]
[status.cloud.sugarcrm.com/components/5b26a3d587d84436fd54acf30d31.html]
[status.cloud.sugarcrm.com/components/5b26a3d587d84436fd54acf3f9ce.html]
[status.cloud.sugarcrm.com/components/5b26a3d587d84436fd54acf32362.html]
[status.cloud.sugarcrm.com/components/5b26a3d587d84436fd54acf3af37.html]
[status.cloud.sugarcrm.com/components/5b26a3d587d84436fd54acf34c33.html]
[status.cloud.sugarcrm.com/components/5b26a3d587d84436fd54acf3.html]
[status.cloud.sugarcrm.com/components/5b26a3d587d84436fd54acf363fd.html]
[status.cloud.sugarcrm.com/components/5b26a3e987d84436fd54acfe/history.html]
[status.cloud.sugarcrm.com/components/5b26a3e987d84436fd54acfebd4b.html]
[status.cloud.sugarcrm.com/components/5b26a3e987d84436fd54acfea433.html]
[status.cloud.sugarcrm.com/components/5b26a3e987d84436fd54acfe0d31.html]
[status.cloud.sugarcrm.com/components/5b26a3e987d84436fd54acfef9ce.html]
[status.cloud.sugarcrm.com/components/5b26a3e987d84436fd54acfe2362.html]
[status.cloud.sugarcrm.com/components/5b26a3e987d84436fd54acfeaf37.html]
[status.cloud.sugarcrm.com/components/5b26a3e987d84436fd54acfe4c33.html]
[status.cloud.sugarcrm.com/components/5b26a3e987d84436fd54acfe.html]
[status.cloud.sugarcrm.com/components/5b26a3e987d84436fd54acfe63fd.html]
[status.cloud.sugarcrm.com/components/5b26a3fe87d84436fd54ad09bd4b.html]
[status.cloud.sugarcrm.com/components/5b26a3fe87d84436fd54ad09a433.html]
[status.cloud.sugarcrm.com/components/5b26a3fe87d84436fd54ad090d31.html]
[status.cloud.sugarcrm.com/components/5b26a3fe87d84436fd54ad09f9ce.html]
[status.cloud.sugarcrm.com/components/5b26a3fe87d84436fd54ad092362.html]
[status.cloud.sugarcrm.com/components/5b26a3fe87d84436fd54ad09af37.html]
[status.cloud.sugarcrm.com/components/5b26a3fe87d84436fd54ad094c33.html]
[status.cloud.sugarcrm.com/components/5b26a3fe87d84436fd54ad09.html]
[status.cloud.sugarcrm.com/components/5b26a3fe87d84436fd54ad0963fd.html]
[status.cloud.sugarcrm.com/components/5b26c0834e80f1268d93b536/history.html]
[status.cloud.sugarcrm.com/components/5b26c0834e80f1268d93b536bd4b.html]
[status.cloud.sugarcrm.com/components/5b26c0834e80f1268d93b536a433.html]
[status.cloud.sugarcrm.com/components/5b26c0834e80f1268d93b5360d31.html]
[status.cloud.sugarcrm.com/components/5b26c0834e80f1268d93b536f9ce.html]
[status.cloud.sugarcrm.com/components/5b26c0834e80f1268d93b5362362.html]
[status.cloud.sugarcrm.com/components/5b26c0834e80f1268d93b536af37.html]
[status.cloud.sugarcrm.com/components/5b26c0834e80f1268d93b5364c33.html]
[status.cloud.sugarcrm.com/components/5b26c0834e80f1268d93b536.html]
[status.cloud.sugarcrm.com/components/5b26c0834e80f1268d93b53663fd.html]
[status.cloud.sugarcrm.com/components/5b26c0aa4e80f1268d93b541/history.html]
[status.cloud.sugarcrm.com/components/5b26c0aa4e80f1268d93b541bd4b.html]
[status.cloud.sugarcrm.com/components/5b26c0aa4e80f1268d93b541a433.html]
[status.cloud.sugarcrm.com/components/5b26c0aa4e80f1268d93b5410d31.html]
[status.cloud.sugarcrm.com/components/5b26c0aa4e80f1268d93b541f9ce.html]
[status.cloud.sugarcrm.com/components/5b26c0aa4e80f1268d93b5412362.html]
[status.cloud.sugarcrm.com/components/5b26c0aa4e80f1268d93b541af37.html]
[status.cloud.sugarcrm.com/components/5b26c0aa4e80f1268d93b5414c33.html]
[status.cloud.sugarcrm.com/components/5b26c0aa4e80f1268d93b541.html]
[status.cloud.sugarcrm.com/components/5b26c0aa4e80f1268d93b54163fd.html]
[status.cloud.sugarcrm.com/components/5b26bf884e80f1268d93b4febd4b.html]
[status.cloud.sugarcrm.com/components/5b26bf884e80f1268d93b4fea433.html]
[status.cloud.sugarcrm.com/components/5b26bf884e80f1268d93b4fe0d31.html]
[status.cloud.sugarcrm.com/components/5b26bf884e80f1268d93b4fef9ce.html]
[status.cloud.sugarcrm.com/components/5b26bf884e80f1268d93b4fe2362.html]
[status.cloud.sugarcrm.com/components/5b26bf884e80f1268d93b4feaf37.html]
[status.cloud.sugarcrm.com/components/5b26bf884e80f1268d93b4fe4c33.html]
[status.cloud.sugarcrm.com/components/5b26bf884e80f1268d93b4fe.html]
[status.cloud.sugarcrm.com/components/5b26bf884e80f1268d93b4fe63fd.html]
[status.cloud.sugarcrm.com/components/5b26bfb94e80f1268d93b509bd4b.html]
[status.cloud.sugarcrm.com/components/5b26bfb94e80f1268d93b509a433.html]
[status.cloud.sugarcrm.com/components/5b26bfb94e80f1268d93b5090d31.html]
[status.cloud.sugarcrm.com/components/5b26bfb94e80f1268d93b509f9ce.html]
[status.cloud.sugarcrm.com/components/5b26bfb94e80f1268d93b5092362.html]
[status.cloud.sugarcrm.com/components/5b26bfb94e80f1268d93b509af37.html]
[status.cloud.sugarcrm.com/components/5b26bfb94e80f1268d93b5094c33.html]
[status.cloud.sugarcrm.com/components/5b26bfb94e80f1268d93b509.html]
[status.cloud.sugarcrm.com/components/5b26bfb94e80f1268d93b50963fd.html]
[status.cloud.sugarcrm.com/components/5b26c01d4e80f1268d93b514bd4b.html]
[status.cloud.sugarcrm.com/components/5b26c01d4e80f1268d93b514a433.html]
[status.cloud.sugarcrm.com/components/5b26c01d4e80f1268d93b5140d31.html]
[status.cloud.sugarcrm.com/components/5b26c01d4e80f1268d93b514f9ce.html]
[status.cloud.sugarcrm.com/components/5b26c01d4e80f1268d93b5142362.html]
[status.cloud.sugarcrm.com/components/5b26c01d4e80f1268d93b514af37.html]
[status.cloud.sugarcrm.com/components/5b26c01d4e80f1268d93b5144c33.html]
[status.cloud.sugarcrm.com/components/5b26c01d4e80f1268d93b514.html]
[status.cloud.sugarcrm.com/components/5b26c01d4e80f1268d93b51463fd.html]
[status.cloud.sugarcrm.com/components/5b26c03d4e80f1268d93b51f/history.html]
[status.cloud.sugarcrm.com/components/5b26c03d4e80f1268d93b51fbd4b.html]
[status.cloud.sugarcrm.com/components/5b26c03d4e80f1268d93b51fa433.html]
[status.cloud.sugarcrm.com/components/5b26c03d4e80f1268d93b51f0d31.html]
[status.cloud.sugarcrm.com/components/5b26c03d4e80f1268d93b51ff9ce.html]
[status.cloud.sugarcrm.com/components/5b26c03d4e80f1268d93b51f2362.html]
[status.cloud.sugarcrm.com/components/5b26c03d4e80f1268d93b51faf37.html]
[status.cloud.sugarcrm.com/components/5b26c03d4e80f1268d93b51f4c33.html]
[status.cloud.sugarcrm.com/components/5b26c03d4e80f1268d93b51f.html]
[status.cloud.sugarcrm.com/components/5b26c03d4e80f1268d93b51f63fd.html]
[status.cloud.sugarcrm.com/components/5b26c05b4e80f1268d93b52abd4b.html]
[status.cloud.sugarcrm.com/components/5b26c05b4e80f1268d93b52aa433.html]
[status.cloud.sugarcrm.com/components/5b26c05b4e80f1268d93b52a0d31.html]
[status.cloud.sugarcrm.com/components/5b26c05b4e80f1268d93b52af9ce.html]
[status.cloud.sugarcrm.com/components/5b26c05b4e80f1268d93b52a2362.html]
[status.cloud.sugarcrm.com/components/5b26c05b4e80f1268d93b52aaf37.html]
[status.cloud.sugarcrm.com/components/5b26c05b4e80f1268d93b52a4c33.html]
[status.cloud.sugarcrm.com/components/5b26c05b4e80f1268d93b52a.html]
[status.cloud.sugarcrm.com/components/5b26c05b4e80f1268d93b52a63fd.html]
[status.cloud.sugarcrm.com/historybd4b.html]
[status.cloud.sugarcrm.com/historya433.html]
[status.cloud.sugarcrm.com/history0d31.html]
[status.cloud.sugarcrm.com/historyf9ce.html]
[status.cloud.sugarcrm.com/history2362.html]
[status.cloud.sugarcrm.com/historyaf37.html]
[status.cloud.sugarcrm.com/history4c33.html]
[status.cloud.sugarcrm.com/history.html]
[status.cloud.sugarcrm.com/indexbd4b.html]
[status.cloud.sugarcrm.com/indexa433.html]
[status.cloud.sugarcrm.com/index0d31.html]
[status.cloud.sugarcrm.com/indexf9ce.html]
[status.cloud.sugarcrm.com/index2362.html]
[status.cloud.sugarcrm.com/indexaf37.html]
[status.cloud.sugarcrm.com/index4c33.html]
[status.cloud.sugarcrm.com/index63fd.html]
[status.cloud.sugarcrm.com/assets/octicons-1a575482153d237693ecc87b05a928121608a256f423a6374e40d3cf7a1be2ff.svg]
[status.cloud.sugarcrm.com/history63fd.html]
[status.cloud.sugarcrm.com/index7038.html]
[status.cloud.sugarcrm.com/subscriptions/newbd4b.html]
[status.cloud.sugarcrm.com/subscriptions/newa433.html]
[status.cloud.sugarcrm.com/subscriptions/new0d31.html]
[status.cloud.sugarcrm.com/subscriptions/newf9ce.html]
[status.cloud.sugarcrm.com/subscriptions/new2362.html]
[status.cloud.sugarcrm.com/subscriptions/newaf37.html]
[status.cloud.sugarcrm.com/subscriptions/new4c33.html]
[status.cloud.sugarcrm.com/subscriptions/new63fd.html]
[status.cloud.sugarcrm.com/subscriptions/new7038.html]
[status.cloud.sugarcrm.com/components/5b26a15e9944fe03f3873028bd4b.html]
[status.cloud.sugarcrm.com/components/5b26a15e9944fe03f3873028a433.html]
[status.cloud.sugarcrm.com/components/5b26a15e9944fe03f38730280d31.html]
[status.cloud.sugarcrm.com/components/5b26a15e9944fe03f3873028f9ce.html]
[status.cloud.sugarcrm.com/components/5b26a15e9944fe03f38730282362.html]
[status.cloud.sugarcrm.com/components/5b26a15e9944fe03f3873028af37.html]
[status.cloud.sugarcrm.com/components/5b26a15e9944fe03f38730284c33.html]
[status.cloud.sugarcrm.com/components/5b26a15e9944fe03f387302863fd.html]
[status.cloud.sugarcrm.com/components/5b26a15e9944fe03f38730287038.html]
[status.cloud.sugarcrm.com/components/5b26a2cf87d84436fd54acbabd4b.html]
[status.cloud.sugarcrm.com/components/5b26a2cf87d84436fd54acbaa433.html]
[status.cloud.sugarcrm.com/components/5b26a2cf87d84436fd54acba0d31.html]
[status.cloud.sugarcrm.com/components/5b26a2cf87d84436fd54acbaf9ce.html]
[status.cloud.sugarcrm.com/components/5b26a2cf87d84436fd54acba2362.html]
[status.cloud.sugarcrm.com/components/5b26a2cf87d84436fd54acbaaf37.html]
[status.cloud.sugarcrm.com/components/5b26a2cf87d84436fd54acba4c33.html]
[status.cloud.sugarcrm.com/components/5b26a2cf87d84436fd54acba63fd.html]
[status.cloud.sugarcrm.com/components/5b26a2cf87d84436fd54acba7038.html]
[status.cloud.sugarcrm.com/components/5b26a2ed87d84436fd54acc5bd4b.html]
[status.cloud.sugarcrm.com/components/5b26a2ed87d84436fd54acc5a433.html]
[status.cloud.sugarcrm.com/components/5b26a2ed87d84436fd54acc50d31.html]
[status.cloud.sugarcrm.com/components/5b26a2ed87d84436fd54acc5f9ce.html]
[status.cloud.sugarcrm.com/components/5b26a2ed87d84436fd54acc52362.html]
[status.cloud.sugarcrm.com/components/5b26a2ed87d84436fd54acc5af37.html]
[status.cloud.sugarcrm.com/components/5b26a2ed87d84436fd54acc54c33.html]
[status.cloud.sugarcrm.com/components/5b26a2ed87d84436fd54acc563fd.html]
[status.cloud.sugarcrm.com/components/5b26a2ed87d84436fd54acc57038.html]
[status.cloud.sugarcrm.com/components/5b26a31087d84436fd54acd0/history7038.html]
[status.cloud.sugarcrm.com/components/5b26a31087d84436fd54acd0/historybd4b.html]
[status.cloud.sugarcrm.com/components/5b26a31087d84436fd54acd0/historya433.html]
[status.cloud.sugarcrm.com/components/5b26a31087d84436fd54acd0/history0d31.html]
[status.cloud.sugarcrm.com/components/5b26a31087d84436fd54acd0/historyf9ce.html]
[status.cloud.sugarcrm.com/components/5b26a31087d84436fd54acd0/history2362.html]
[status.cloud.sugarcrm.com/components/5b26a31087d84436fd54acd0/historyaf37]
[status.cloud.sugarcrm.com/components/5b26a31087d84436fd54acd0/history4c33]
[status.cloud.sugarcrm.com/components/5b26a31087d84436fd54acd0/history.html]
[status.cloud.sugarcrm.com/components/5b26a31087d84436fd54acd07038]
[status.cloud.sugarcrm.com/components/5b26a31087d84436fd54acd0bd4b.html]
[status.cloud.sugarcrm.com/components/5b26a31087d84436fd54acd0a433.html]
[status.cloud.sugarcrm.com/components/5b26a31087d84436fd54acd00d31.html]
[status.cloud.sugarcrm.com/components/5b26a31087d84436fd54acd0f9ce.html]
[status.cloud.sugarcrm.com/components/5b26a31087d84436fd54acd02362.html]
[status.cloud.sugarcrm.com/components/5b26a31087d84436fd54acd0af37.html]
[status.cloud.sugarcrm.com/components/5b26a31087d84436fd54acd04c33.html]
[status.cloud.sugarcrm.com/components/5b26a31087d84436fd54acd063fd.html]
[status.cloud.sugarcrm.com/components/5b26a1959944fe03f38730347038]
[status.cloud.sugarcrm.com/components/5b26a1959944fe03f3873034bd4b.html]
[status.cloud.sugarcrm.com/components/5b26a1959944fe03f3873034a433.html]
[status.cloud.sugarcrm.com/components/5b26a1959944fe03f38730340d31.html]
[status.cloud.sugarcrm.com/components/5b26a1959944fe03f3873034f9ce.html]
[status.cloud.sugarcrm.com/components/5b26a1959944fe03f38730342362.html]
[status.cloud.sugarcrm.com/components/5b26a1959944fe03f3873034af37.html]
[status.cloud.sugarcrm.com/components/5b26a1959944fe03f38730344c33.html]
[status.cloud.sugarcrm.com/components/5b26a1959944fe03f387303463fd.html]
[status.cloud.sugarcrm.com/components/5b26a1af9944fe03f387303f/history7038]
[status.cloud.sugarcrm.com/components/5b26a1af9944fe03f387303f/historybd4b]
[status.cloud.sugarcrm.com/components/5b26a1af9944fe03f387303f/historya433]
[status.cloud.sugarcrm.com/components/5b26a1af9944fe03f387303f/history0d31]
[status.cloud.sugarcrm.com/components/5b26a1af9944fe03f387303f/historyf9ce]
[status.cloud.sugarcrm.com/components/5b26a1af9944fe03f387303f/history2362]
[status.cloud.sugarcrm.com/components/5b26a1af9944fe03f387303f/historyaf37]
[status.cloud.sugarcrm.com/components/5b26a1af9944fe03f387303f/history4c33]
[status.cloud.sugarcrm.com/components/5b26a1af9944fe03f387303f/history.html]
[status.cloud.sugarcrm.com/components/5b26a1af9944fe03f387303f7038]
[status.cloud.sugarcrm.com/components/5b26a1af9944fe03f387303fbd4b.html]
[status.cloud.sugarcrm.com/components/5b26a1af9944fe03f387303fa433.html]
[status.cloud.sugarcrm.com/components/5b26a1af9944fe03f387303f0d31.html]
[status.cloud.sugarcrm.com/components/5b26a1af9944fe03f387303ff9ce.html]
[status.cloud.sugarcrm.com/components/5b26a1af9944fe03f387303f2362.html]
[status.cloud.sugarcrm.com/components/5b26a1af9944fe03f387303faf37.html]
[status.cloud.sugarcrm.com/components/5b26a1af9944fe03f387303f4c33.html]
[status.cloud.sugarcrm.com/components/5b26a1af9944fe03f387303f63fd.html]
[status.cloud.sugarcrm.com/components/5b26a1d29944fe03f387304c7038]
[status.cloud.sugarcrm.com/components/5b26a1d29944fe03f387304cbd4b.html]
[status.cloud.sugarcrm.com/components/5b26a1d29944fe03f387304ca433.html]
[status.cloud.sugarcrm.com/components/5b26a1d29944fe03f387304c0d31.html]
[status.cloud.sugarcrm.com/components/5b26a1d29944fe03f387304cf9ce.html]
[status.cloud.sugarcrm.com/components/5b26a1d29944fe03f387304c2362.html]
[status.cloud.sugarcrm.com/components/5b26a1d29944fe03f387304caf37.html]
[status.cloud.sugarcrm.com/components/5b26a1d29944fe03f387304c4c33.html]
[status.cloud.sugarcrm.com/components/5b26a1d29944fe03f387304c63fd.html]
[status.cloud.sugarcrm.com/components/5b26a1f29944fe03f38730577038]
[status.cloud.sugarcrm.com/components/5b26a1f29944fe03f3873057bd4b.html]
[status.cloud.sugarcrm.com/components/5b26a1f29944fe03f3873057a433.html]
[status.cloud.sugarcrm.com/components/5b26a1f29944fe03f38730570d31.html]
[status.cloud.sugarcrm.com/components/5b26a1f29944fe03f3873057f9ce.html]
[status.cloud.sugarcrm.com/components/5b26a1f29944fe03f38730572362.html]
[status.cloud.sugarcrm.com/components/5b26a1f29944fe03f3873057af37.html]
[status.cloud.sugarcrm.com/components/5b26a1f29944fe03f38730574c33.html]
[status.cloud.sugarcrm.com/components/5b26a1f29944fe03f387305763fd.html]
[status.cloud.sugarcrm.com/components/5b26a20e9944fe03f38730627038]
[status.cloud.sugarcrm.com/components/5b26a20e9944fe03f3873062bd4b.html]
[status.cloud.sugarcrm.com/components/5b26a20e9944fe03f3873062a433.html]
[status.cloud.sugarcrm.com/components/5b26a20e9944fe03f38730620d31.html]
[status.cloud.sugarcrm.com/components/5b26a20e9944fe03f3873062f9ce.html]
[status.cloud.sugarcrm.com/components/5b26a20e9944fe03f38730622362.html]
[status.cloud.sugarcrm.com/components/5b26a20e9944fe03f3873062af37.html]
[status.cloud.sugarcrm.com/components/5b26a20e9944fe03f38730624c33.html]
[status.cloud.sugarcrm.com/components/5b26a20e9944fe03f387306263fd.html]
[status.cloud.sugarcrm.com/components/5b26a2229944fe03f387306d7038]
[status.cloud.sugarcrm.com/components/5b26a2229944fe03f387306dbd4b.html]
[status.cloud.sugarcrm.com/components/5b26a2229944fe03f387306da433.html]
[status.cloud.sugarcrm.com/components/5b26a2229944fe03f387306d0d31.html]
[status.cloud.sugarcrm.com/components/5b26a2229944fe03f387306df9ce.html]
[status.cloud.sugarcrm.com/components/5b26a2229944fe03f387306d2362.html]
[status.cloud.sugarcrm.com/components/5b26a2229944fe03f387306daf37.html]
[status.cloud.sugarcrm.com/components/5b26a2229944fe03f387306d4c33.html]
[status.cloud.sugarcrm.com/components/5b26a2229944fe03f387306d63fd.html]
[status.cloud.sugarcrm.com/components/5b26a2379944fe03f3873078/history7038]
[status.cloud.sugarcrm.com/components/5b26a2379944fe03f3873078/historybd4b]
[status.cloud.sugarcrm.com/components/5b26a2379944fe03f3873078/historya433]
[status.cloud.sugarcrm.com/components/5b26a2379944fe03f3873078/history0d31]
[status.cloud.sugarcrm.com/components/5b26a2379944fe03f3873078/historyf9ce]
[status.cloud.sugarcrm.com/components/5b26a2379944fe03f3873078/history2362]
[status.cloud.sugarcrm.com/components/5b26a2379944fe03f3873078/historyaf37]
[status.cloud.sugarcrm.com/components/5b26a2379944fe03f3873078/history4c33]
[status.cloud.sugarcrm.com/components/5b26a2379944fe03f3873078/history.html]
[status.cloud.sugarcrm.com/components/5b26a2379944fe03f38730787038]
[status.cloud.sugarcrm.com/components/5b26a2379944fe03f3873078bd4b.html]
[status.cloud.sugarcrm.com/components/5b26a2379944fe03f3873078a433.html]
[status.cloud.sugarcrm.com/components/5b26a2379944fe03f38730780d31.html]
[status.cloud.sugarcrm.com/components/5b26a2379944fe03f3873078f9ce.html]
[status.cloud.sugarcrm.com/components/5b26a2379944fe03f38730782362.html]
[status.cloud.sugarcrm.com/components/5b26a2379944fe03f3873078af37.html]
[status.cloud.sugarcrm.com/components/5b26a2379944fe03f38730784c33.html]
[status.cloud.sugarcrm.com/components/5b26a2379944fe03f387307863fd.html]
[status.cloud.sugarcrm.com/components/5b26a2729944fe03f38730837038]
[status.cloud.sugarcrm.com/components/5b26a2729944fe03f3873083bd4b.html]
[status.cloud.sugarcrm.com/components/5b26a2729944fe03f3873083a433.html]
[status.cloud.sugarcrm.com/components/5b26a2729944fe03f38730830d31.html]
[status.cloud.sugarcrm.com/components/5b26a2729944fe03f3873083f9ce.html]
[status.cloud.sugarcrm.com/components/5b26a2729944fe03f38730832362.html]
[status.cloud.sugarcrm.com/components/5b26a2729944fe03f3873083af37.html]
[status.cloud.sugarcrm.com/components/5b26a2729944fe03f38730834c33.html]
[status.cloud.sugarcrm.com/components/5b26a2729944fe03f387308363fd.html]
[status.cloud.sugarcrm.com/components/5c39420250c68b3c707145f3/history7038]
[status.cloud.sugarcrm.com/components/5c39420250c68b3c707145f3/historybd4b]
[status.cloud.sugarcrm.com/components/5c39420250c68b3c707145f3/historya433]
[status.cloud.sugarcrm.com/components/5c39420250c68b3c707145f3/history0d31]
[status.cloud.sugarcrm.com/components/5c39420250c68b3c707145f3/historyf9ce]
[status.cloud.sugarcrm.com/components/5c39420250c68b3c707145f3/history2362]
[status.cloud.sugarcrm.com/components/5c39420250c68b3c707145f3/historyaf37]
[status.cloud.sugarcrm.com/components/5c39420250c68b3c707145f3/history4c33]
[status.cloud.sugarcrm.com/components/5c39420250c68b3c707145f3/history.html]
[status.cloud.sugarcrm.com/components/5c39420250c68b3c707145f37038]
[status.cloud.sugarcrm.com/components/5c39420250c68b3c707145f3bd4b.html]
[status.cloud.sugarcrm.com/components/5c39420250c68b3c707145f3a433.html]
[status.cloud.sugarcrm.com/components/5c39420250c68b3c707145f30d31.html]
[status.cloud.sugarcrm.com/components/5c39420250c68b3c707145f3f9ce.html]
[status.cloud.sugarcrm.com/components/5c39420250c68b3c707145f32362.html]
[status.cloud.sugarcrm.com/components/5c39420250c68b3c707145f3af37.html]
[status.cloud.sugarcrm.com/components/5c39420250c68b3c707145f34c33.html]
[status.cloud.sugarcrm.com/components/5c39420250c68b3c707145f363fd.html]
[status.cloud.sugarcrm.com/components/5c3943d1315873193a2faa9b7038]
[status.cloud.sugarcrm.com/components/5c3943d1315873193a2faa9bbd4b.html]
[status.cloud.sugarcrm.com/components/5c3943d1315873193a2faa9ba433.html]
[status.cloud.sugarcrm.com/components/5c3943d1315873193a2faa9b0d31.html]
[status.cloud.sugarcrm.com/components/5c3943d1315873193a2faa9bf9ce.html]
[status.cloud.sugarcrm.com/components/5c3943d1315873193a2faa9b2362.html]
[status.cloud.sugarcrm.com/components/5c3943d1315873193a2faa9baf37.html]
[status.cloud.sugarcrm.com/components/5c3943d1315873193a2faa9b4c33.html]
[status.cloud.sugarcrm.com/components/5c3943d1315873193a2faa9b63fd.html]
[status.cloud.sugarcrm.com/components/5c39442e3158730f0f2b15b87038]
[status.cloud.sugarcrm.com/components/5c39442e3158730f0f2b15b8bd4b.html]
[status.cloud.sugarcrm.com/components/5c39442e3158730f0f2b15b8a433.html]
[status.cloud.sugarcrm.com/components/5c39442e3158730f0f2b15b80d31.html]
[status.cloud.sugarcrm.com/components/5c39442e3158730f0f2b15b8f9ce.html]
[status.cloud.sugarcrm.com/components/5c39442e3158730f0f2b15b82362.html]
[status.cloud.sugarcrm.com/components/5c39442e3158730f0f2b15b8af37.html]
[status.cloud.sugarcrm.com/components/5c39442e3158730f0f2b15b84c33.html]
[status.cloud.sugarcrm.com/components/5c39442e3158730f0f2b15b863fd.html]
[status.cloud.sugarcrm.com/components/5b26a47987d84436fd54ad147038]
[status.cloud.sugarcrm.com/components/5b26a47987d84436fd54ad14bd4b.html]
[status.cloud.sugarcrm.com/components/5b26a47987d84436fd54ad14a433.html]
[status.cloud.sugarcrm.com/components/5b26a47987d84436fd54ad140d31.html]
[status.cloud.sugarcrm.com/components/5b26a47987d84436fd54ad14f9ce.html]
[status.cloud.sugarcrm.com/components/5b26a47987d84436fd54ad142362.html]
[status.cloud.sugarcrm.com/components/5b26a47987d84436fd54ad14af37.html]
[status.cloud.sugarcrm.com/components/5b26a47987d84436fd54ad144c33.html]
[status.cloud.sugarcrm.com/components/5b26a47987d84436fd54ad1463fd.html]
[status.cloud.sugarcrm.com/components/5b26a39287d84436fd54acdd/history7038]
[status.cloud.sugarcrm.com/components/5b26a39287d84436fd54acdd/historybd4b]
[status.cloud.sugarcrm.com/components/5b26a39287d84436fd54acdd/historya433]
[status.cloud.sugarcrm.com/components/5b26a39287d84436fd54acdd/history0d31]
[status.cloud.sugarcrm.com/components/5b26a39287d84436fd54acdd/historyf9ce]
[status.cloud.sugarcrm.com/components/5b26a39287d84436fd54acdd/history2362]
[status.cloud.sugarcrm.com/components/5b26a39287d84436fd54acdd/historyaf37]
[status.cloud.sugarcrm.com/components/5b26a39287d84436fd54acdd/history4c33]
[status.cloud.sugarcrm.com/components/5b26a39287d84436fd54acdd/history.html]
[status.cloud.sugarcrm.com/components/5b26a39287d84436fd54acdd7038]
[status.cloud.sugarcrm.com/components/5b26a39287d84436fd54acddbd4b.html]
[status.cloud.sugarcrm.com/components/5b26a39287d84436fd54acdda433.html]
[status.cloud.sugarcrm.com/components/5b26a39287d84436fd54acdd0d31.html]
[status.cloud.sugarcrm.com/components/5b26a39287d84436fd54acddf9ce.html]
[status.cloud.sugarcrm.com/components/5b26a39287d84436fd54acdd2362.html]
[status.cloud.sugarcrm.com/components/5b26a39287d84436fd54acddaf37.html]
[status.cloud.sugarcrm.com/components/5b26a39287d84436fd54acdd4c33.html]
[status.cloud.sugarcrm.com/components/5b26a39287d84436fd54acdd63fd.html]
[status.cloud.sugarcrm.com/components/5b26a3ae87d84436fd54ace8/history7038]
[status.cloud.sugarcrm.com/components/5b26a3ae87d84436fd54ace8/historybd4b]
[status.cloud.sugarcrm.com/components/5b26a3ae87d84436fd54ace8/historya433]
[status.cloud.sugarcrm.com/components/5b26a3ae87d84436fd54ace8/history0d31]
[status.cloud.sugarcrm.com/components/5b26a3ae87d84436fd54ace8/historyf9ce]
[status.cloud.sugarcrm.com/components/5b26a3ae87d84436fd54ace8/history2362]
[status.cloud.sugarcrm.com/components/5b26a3ae87d84436fd54ace8/historyaf37]
[status.cloud.sugarcrm.com/components/5b26a3ae87d84436fd54ace8/history4c33]
[status.cloud.sugarcrm.com/components/5b26a3ae87d84436fd54ace8/history.html]
[status.cloud.sugarcrm.com/components/5b26a3ae87d84436fd54ace87038]
[status.cloud.sugarcrm.com/components/5b26a3ae87d84436fd54ace8bd4b.html]
[status.cloud.sugarcrm.com/components/5b26a3ae87d84436fd54ace8a433.html]
[status.cloud.sugarcrm.com/components/5b26a3ae87d84436fd54ace80d31.html]
[status.cloud.sugarcrm.com/components/5b26a3ae87d84436fd54ace8f9ce.html]
[status.cloud.sugarcrm.com/components/5b26a3ae87d84436fd54ace82362.html]
[status.cloud.sugarcrm.com/components/5b26a3ae87d84436fd54ace8af37.html]
[status.cloud.sugarcrm.com/components/5b26a3ae87d84436fd54ace84c33.html]
[status.cloud.sugarcrm.com/components/5b26a3ae87d84436fd54ace863fd.html]
[status.cloud.sugarcrm.com/components/5b26a3d587d84436fd54acf37038]
[status.cloud.sugarcrm.com/components/5b26a3d587d84436fd54acf3bd4b.html]
[status.cloud.sugarcrm.com/components/5b26a3d587d84436fd54acf3a433.html]
[status.cloud.sugarcrm.com/components/5b26a3d587d84436fd54acf30d31.html]
[status.cloud.sugarcrm.com/components/5b26a3d587d84436fd54acf3f9ce.html]
[status.cloud.sugarcrm.com/components/5b26a3d587d84436fd54acf32362.html]
[status.cloud.sugarcrm.com/components/5b26a3d587d84436fd54acf3af37.html]
[status.cloud.sugarcrm.com/components/5b26a3d587d84436fd54acf34c33.html]
[status.cloud.sugarcrm.com/components/5b26a3d587d84436fd54acf363fd.html]
[status.cloud.sugarcrm.com/components/5b26a3e987d84436fd54acfe/history7038]
[status.cloud.sugarcrm.com/components/5b26a3e987d84436fd54acfe/historybd4b]
[status.cloud.sugarcrm.com/components/5b26a3e987d84436fd54acfe/historya433]
[status.cloud.sugarcrm.com/components/5b26a3e987d84436fd54acfe/history0d31]
[status.cloud.sugarcrm.com/components/5b26a3e987d84436fd54acfe/historyf9ce]
[status.cloud.sugarcrm.com/components/5b26a3e987d84436fd54acfe/history2362]
[status.cloud.sugarcrm.com/components/5b26a3e987d84436fd54acfe/history.171af37.delayed]
[status.cloud.sugarcrm.com/components/5b26a3e987d84436fd54acfe/history4c33]
[status.cloud.sugarcrm.com/components/5b26a3e987d84436fd54acfe/history.html]
[status.cloud.sugarcrm.com/components/5b26a3e987d84436fd54acfe7038]
[status.cloud.sugarcrm.com/components/5b26a3e987d84436fd54acfebd4b.html]
[status.cloud.sugarcrm.com/components/5b26a3e987d84436fd54acfea433.html]
[status.cloud.sugarcrm.com/components/5b26a3e987d84436fd54acfe0d31.html]
[status.cloud.sugarcrm.com/components/5b26a3e987d84436fd54acfef9ce.html]
[status.cloud.sugarcrm.com/components/5b26a3e987d84436fd54acfe2362.html]
[status.cloud.sugarcrm.com/components/5b26a3e987d84436fd54acfeaf37.html]
[status.cloud.sugarcrm.com/components/5b26a3e987d84436fd54acfe4c33.html]
[status.cloud.sugarcrm.com/components/5b26a3e987d84436fd54acfe63fd.html]
[status.cloud.sugarcrm.com/components/5b26a3fe87d84436fd54ad097038]
[status.cloud.sugarcrm.com/components/5b26a3fe87d84436fd54ad09bd4b.html]
[status.cloud.sugarcrm.com/components/5b26a3fe87d84436fd54ad09a433.html]
[status.cloud.sugarcrm.com/components/5b26a3fe87d84436fd54ad090d31.html]
[status.cloud.sugarcrm.com/components/5b26a3fe87d84436fd54ad09f9ce.html]
[status.cloud.sugarcrm.com/components/5b26a3fe87d84436fd54ad092362.html]
[status.cloud.sugarcrm.com/components/5b26a3fe87d84436fd54ad09af37.html]
[status.cloud.sugarcrm.com/components/5b26a3fe87d84436fd54ad094c33.html]
[status.cloud.sugarcrm.com/components/5b26a3fe87d84436fd54ad0963fd.html]
[status.cloud.sugarcrm.com/components/5b26c0834e80f1268d93b536/history7038]
[status.cloud.sugarcrm.com/components/5b26c0834e80f1268d93b536/historybd4b]
[status.cloud.sugarcrm.com/components/5b26c0834e80f1268d93b536/historya433]
[status.cloud.sugarcrm.com/components/5b26c0834e80f1268d93b536/history0d31]
[status.cloud.sugarcrm.com/components/5b26c0834e80f1268d93b536/historyf9ce]
[status.cloud.sugarcrm.com/components/5b26c0834e80f1268d93b536/history2362]
[status.cloud.sugarcrm.com/components/5b26c0834e80f1268d93b536/historyaf37]
[status.cloud.sugarcrm.com/components/5b26c0834e80f1268d93b536/history4c33]
[status.cloud.sugarcrm.com/components/5b26c0834e80f1268d93b536/history.html]
[status.cloud.sugarcrm.com/components/5b26c0834e80f1268d93b5367038]
[status.cloud.sugarcrm.com/components/5b26c0834e80f1268d93b536bd4b.html]
[status.cloud.sugarcrm.com/components/5b26c0834e80f1268d93b536a433.html]
[status.cloud.sugarcrm.com/components/5b26c0834e80f1268d93b5360d31.html]
[status.cloud.sugarcrm.com/components/5b26c0834e80f1268d93b536f9ce.html]
[status.cloud.sugarcrm.com/components/5b26c0834e80f1268d93b5362362.html]
[status.cloud.sugarcrm.com/components/5b26c0834e80f1268d93b536af37.html]
[status.cloud.sugarcrm.com/components/5b26c0834e80f1268d93b5364c33.html]
[status.cloud.sugarcrm.com/components/5b26c0834e80f1268d93b53663fd.html]
[status.cloud.sugarcrm.com/components/5b26c0aa4e80f1268d93b541/history7038]
[status.cloud.sugarcrm.com/components/5b26c0aa4e80f1268d93b541/historybd4b]
[status.cloud.sugarcrm.com/components/5b26c0aa4e80f1268d93b541/historya433]
[status.cloud.sugarcrm.com/components/5b26c0aa4e80f1268d93b541/history0d31]
[status.cloud.sugarcrm.com/components/5b26c0aa4e80f1268d93b541/historyf9ce]
[status.cloud.sugarcrm.com/components/5b26c0aa4e80f1268d93b541/history2362]
[status.cloud.sugarcrm.com/components/5b26c0aa4e80f1268d93b541/historyaf37]
[status.cloud.sugarcrm.com/components/5b26c0aa4e80f1268d93b541/history4c33]
[status.cloud.sugarcrm.com/components/5b26c0aa4e80f1268d93b541/history.html]
[status.cloud.sugarcrm.com/components/5b26c0aa4e80f1268d93b5417038]
[status.cloud.sugarcrm.com/components/5b26c0aa4e80f1268d93b541bd4b.html]
[status.cloud.sugarcrm.com/components/5b26c0aa4e80f1268d93b541a433.html]
[status.cloud.sugarcrm.com/components/5b26c0aa4e80f1268d93b5410d31.html]
[status.cloud.sugarcrm.com/components/5b26c0aa4e80f1268d93b541f9ce.html]
[status.cloud.sugarcrm.com/components/5b26c0aa4e80f1268d93b5412362.html]
[status.cloud.sugarcrm.com/components/5b26c0aa4e80f1268d93b541af37.html]
[status.cloud.sugarcrm.com/components/5b26c0aa4e80f1268d93b5414c33.html]
[status.cloud.sugarcrm.com/components/5b26c0aa4e80f1268d93b54163fd.html]
[status.cloud.sugarcrm.com/components/5b26bf884e80f1268d93b4fe7038]
[status.cloud.sugarcrm.com/components/5b26bf884e80f1268d93b4febd4b.html]
[status.cloud.sugarcrm.com/components/5b26bf884e80f1268d93b4fea433.html]
[status.cloud.sugarcrm.com/components/5b26bf884e80f1268d93b4fe0d31.html]
[status.cloud.sugarcrm.com/components/5b26bf884e80f1268d93b4fef9ce.html]
[status.cloud.sugarcrm.com/components/5b26bf884e80f1268d93b4fe2362.html]
[status.cloud.sugarcrm.com/components/5b26bf884e80f1268d93b4feaf37.html]
[status.cloud.sugarcrm.com/components/5b26bf884e80f1268d93b4fe4c33.html]
[status.cloud.sugarcrm.com/components/5b26bf884e80f1268d93b4fe63fd.html]
[status.cloud.sugarcrm.com/components/5b26bfb94e80f1268d93b5097038]
[status.cloud.sugarcrm.com/components/5b26bfb94e80f1268d93b509bd4b.html]
[status.cloud.sugarcrm.com/components/5b26bfb94e80f1268d93b509a433.html]
[status.cloud.sugarcrm.com/components/5b26bfb94e80f1268d93b5090d31.html]
[status.cloud.sugarcrm.com/components/5b26bfb94e80f1268d93b509f9ce.html]
[status.cloud.sugarcrm.com/components/5b26bfb94e80f1268d93b5092362.html]
[status.cloud.sugarcrm.com/components/5b26bfb94e80f1268d93b509af37.html]
[status.cloud.sugarcrm.com/components/5b26bfb94e80f1268d93b5094c33.html]
[status.cloud.sugarcrm.com/components/5b26bfb94e80f1268d93b50963fd.html]
[status.cloud.sugarcrm.com/components/5b26c01d4e80f1268d93b5147038]
[status.cloud.sugarcrm.com/components/5b26c01d4e80f1268d93b514bd4b.html]
[status.cloud.sugarcrm.com/components/5b26c01d4e80f1268d93b514a433.html]
[status.cloud.sugarcrm.com/components/5b26c01d4e80f1268d93b5140d31.html]
[status.cloud.sugarcrm.com/components/5b26c01d4e80f1268d93b514f9ce.html]
[status.cloud.sugarcrm.com/components/5b26c01d4e80f1268d93b5142362.html]
[status.cloud.sugarcrm.com/components/5b26c01d4e80f1268d93b514af37.html]
[status.cloud.sugarcrm.com/components/5b26c01d4e80f1268d93b5144c33.html]
[status.cloud.sugarcrm.com/components/5b26c01d4e80f1268d93b51463fd.html]
[status.cloud.sugarcrm.com/components/5b26c03d4e80f1268d93b51f/history7038]
[status.cloud.sugarcrm.com/components/5b26c03d4e80f1268d93b51f/historybd4b]
[status.cloud.sugarcrm.com/components/5b26c03d4e80f1268d93b51f/historya433]
[status.cloud.sugarcrm.com/components/5b26c03d4e80f1268d93b51f/history0d31]
[status.cloud.sugarcrm.com/components/5b26c03d4e80f1268d93b51f/historyf9ce]
[status.cloud.sugarcrm.com/components/5b26c03d4e80f1268d93b51f/history2362]
[status.cloud.sugarcrm.com/components/5b26c03d4e80f1268d93b51f/historyaf37]
[status.cloud.sugarcrm.com/components/5b26c03d4e80f1268d93b51f/history4c33]
[status.cloud.sugarcrm.com/components/5b26c03d4e80f1268d93b51f/history.html]
[status.cloud.sugarcrm.com/components/5b26c03d4e80f1268d93b51f7038]
[status.cloud.sugarcrm.com/components/5b26c03d4e80f1268d93b51fbd4b.html]
[status.cloud.sugarcrm.com/components/5b26c03d4e80f1268d93b51fa433.html]
[status.cloud.sugarcrm.com/components/5b26c03d4e80f1268d93b51f0d31.html]
[status.cloud.sugarcrm.com/components/5b26c03d4e80f1268d93b51ff9ce.html]
[status.cloud.sugarcrm.com/components/5b26c03d4e80f1268d93b51f2362.html]
[status.cloud.sugarcrm.com/components/5b26c03d4e80f1268d93b51faf37.html]
[status.cloud.sugarcrm.com/components/5b26c03d4e80f1268d93b51f4c33.html]
[status.cloud.sugarcrm.com/components/5b26c03d4e80f1268d93b51f63fd.html]
[status.cloud.sugarcrm.com/components/5b26c05b4e80f1268d93b52a7038]
[status.cloud.sugarcrm.com/components/5b26c05b4e80f1268d93b52abd4b.html]
[status.cloud.sugarcrm.com/components/5b26c05b4e80f1268d93b52aa433.html]
[status.cloud.sugarcrm.com/components/5b26c05b4e80f1268d93b52a0d31.html]
[status.cloud.sugarcrm.com/components/5b26c05b4e80f1268d93b52af9ce.html]
[status.cloud.sugarcrm.com/components/5b26c05b4e80f1268d93b52a2362.html]
[status.cloud.sugarcrm.com/components/5b26c05b4e80f1268d93b52aaf37.html]
[status.cloud.sugarcrm.com/components/5b26c05b4e80f1268d93b52a4c33.html]
[status.cloud.sugarcrm.com/components/5b26c05b4e80f1268d93b52a63fd.html]
[status.cloud.sugarcrm.com/history7038]
[status.cloud.sugarcrm.com/historybd4b.html]
[status.cloud.sugarcrm.com/historya433.html]
[status.cloud.sugarcrm.com/history0d31.html]
[status.cloud.sugarcrm.com/historyf9ce.html]
[status.cloud.sugarcrm.com/history2362.html]
[status.cloud.sugarcrm.com/historyaf37.html]
[status.cloud.sugarcrm.com/history4c33.html]
[status.cloud.sugarcrm.com/history63fd.html]
[status.cloud.sugarcrm.com/index7038.html]
[status.cloud.sugarcrm.com/subscriptions/new7038.html]
[status.cloud.sugarcrm.com/components/5b26a15e9944fe03f38730287038.html]
[status.cloud.sugarcrm.com/components/5b26a2cf87d84436fd54acba7038.html]
[status.cloud.sugarcrm.com/components/5b26a2ed87d84436fd54acc57038.html]
[status.cloud.sugarcrm.com/components/5b26a31087d84436fd54acd0/history63fd]
[status.cloud.sugarcrm.com/components/5b26a31087d84436fd54acd0/history7038.html]
[status.cloud.sugarcrm.com/components/5b26a31087d84436fd54acd0/historybd4b.html]
[status.cloud.sugarcrm.com/components/5b26a31087d84436fd54acd0/historya433.html]
[status.cloud.sugarcrm.com/components/5b26a31087d84436fd54acd0/history0d31.html]
[status.cloud.sugarcrm.com/components/5b26a31087d84436fd54acd0/historyf9ce.html]
[status.cloud.sugarcrm.com/components/5b26a31087d84436fd54acd0/history2362.html]
[status.cloud.sugarcrm.com/components/5b26a31087d84436fd54acd0/historyaf37]
[status.cloud.sugarcrm.com/components/5b26a31087d84436fd54acd0/history4c33]
[status.cloud.sugarcrm.com/components/5b26a31087d84436fd54acd07038]
[status.cloud.sugarcrm.com/components/5b26a1959944fe03f38730347038]
[status.cloud.sugarcrm.com/components/5b26a1af9944fe03f387303f/history7038]
[status.cloud.sugarcrm.com/components/5b26a1af9944fe03f387303f/historybd4b]
[status.cloud.sugarcrm.com/components/5b26a1af9944fe03f387303f/historya433]
[status.cloud.sugarcrm.com/components/5b26a1af9944fe03f387303f/history0d31]
[status.cloud.sugarcrm.com/components/5b26a1af9944fe03f387303f/historyf9ce]
[status.cloud.sugarcrm.com/components/5b26a1af9944fe03f387303f/history2362]
[status.cloud.sugarcrm.com/components/5b26a1af9944fe03f387303f/historyaf37]
[status.cloud.sugarcrm.com/components/5b26a1af9944fe03f387303f/history4c33]
[status.cloud.sugarcrm.com/components/5b26a1af9944fe03f387303f7038]
[status.cloud.sugarcrm.com/components/5b26a1d29944fe03f387304c7038]
[status.cloud.sugarcrm.com/components/5b26a1f29944fe03f38730577038]
[status.cloud.sugarcrm.com/components/5b26a20e9944fe03f38730627038]
[status.cloud.sugarcrm.com/components/5b26a2229944fe03f387306d7038]
[status.cloud.sugarcrm.com/components/5b26a2379944fe03f3873078/history7038]
[status.cloud.sugarcrm.com/components/5b26a2379944fe03f3873078/historybd4b]
[status.cloud.sugarcrm.com/components/5b26a2379944fe03f3873078/historya433]
[status.cloud.sugarcrm.com/components/5b26a2379944fe03f3873078/history0d31]
[status.cloud.sugarcrm.com/components/5b26a2379944fe03f3873078/historyf9ce]
[status.cloud.sugarcrm.com/components/5b26a2379944fe03f3873078/history2362]
[status.cloud.sugarcrm.com/components/5b26a2379944fe03f3873078/historyaf37]
[status.cloud.sugarcrm.com/components/5b26a2379944fe03f3873078/history4c33]
[status.cloud.sugarcrm.com/components/5b26a2379944fe03f38730787038]
[status.cloud.sugarcrm.com/components/5b26a2729944fe03f38730837038]
[status.cloud.sugarcrm.com/components/5c39420250c68b3c707145f3/history7038]
[status.cloud.sugarcrm.com/components/5c39420250c68b3c707145f3/historybd4b]
[status.cloud.sugarcrm.com/components/5c39420250c68b3c707145f3/historya433]
[status.cloud.sugarcrm.com/components/5c39420250c68b3c707145f3/history0d31]
[status.cloud.sugarcrm.com/components/5c39420250c68b3c707145f3/historyf9ce]
[status.cloud.sugarcrm.com/components/5c39420250c68b3c707145f3/history2362]
[status.cloud.sugarcrm.com/components/5c39420250c68b3c707145f3/historyaf37]
[status.cloud.sugarcrm.com/components/5c39420250c68b3c707145f3/history4c33]
[status.cloud.sugarcrm.com/components/5c39420250c68b3c707145f37038]
[status.cloud.sugarcrm.com/components/5c3943d1315873193a2faa9b7038]
[status.cloud.sugarcrm.com/components/5c39442e3158730f0f2b15b87038]
[status.cloud.sugarcrm.com/components/5b26a47987d84436fd54ad147038]
[status.cloud.sugarcrm.com/components/5b26a39287d84436fd54acdd/history7038]
[status.cloud.sugarcrm.com/components/5b26a39287d84436fd54acdd/historybd4b]
[status.cloud.sugarcrm.com/components/5b26a39287d84436fd54acdd/historya433]
[status.cloud.sugarcrm.com/components/5b26a39287d84436fd54acdd/history0d31]
[status.cloud.sugarcrm.com/components/5b26a39287d84436fd54acdd/historyf9ce]
[status.cloud.sugarcrm.com/components/5b26a39287d84436fd54acdd/history2362]
[status.cloud.sugarcrm.com/components/5b26a39287d84436fd54acdd/historyaf37]
[status.cloud.sugarcrm.com/components/5b26a39287d84436fd54acdd/history4c33]
[status.cloud.sugarcrm.com/components/5b26a39287d84436fd54acdd7038]
[status.cloud.sugarcrm.com/components/5b26a3ae87d84436fd54ace8/history7038]
[status.cloud.sugarcrm.com/components/5b26a3ae87d84436fd54ace8/historybd4b]
[status.cloud.sugarcrm.com/components/5b26a3ae87d84436fd54ace8/historya433]
[status.cloud.sugarcrm.com/components/5b26a3ae87d84436fd54ace8/history0d31]
[status.cloud.sugarcrm.com/components/5b26a3ae87d84436fd54ace8/historyf9ce]
[status.cloud.sugarcrm.com/components/5b26a3ae87d84436fd54ace8/history2362]
[status.cloud.sugarcrm.com/components/5b26a3ae87d84436fd54ace8/historyaf37]
[status.cloud.sugarcrm.com/components/5b26a3ae87d84436fd54ace8/history4c33]
[status.cloud.sugarcrm.com/components/5b26a3ae87d84436fd54ace87038]
[status.cloud.sugarcrm.com/components/5b26a3d587d84436fd54acf37038]
[status.cloud.sugarcrm.com/components/5b26a3e987d84436fd54acfe/history7038]
[status.cloud.sugarcrm.com/components/5b26a3e987d84436fd54acfe/historybd4b]
[status.cloud.sugarcrm.com/components/5b26a3e987d84436fd54acfe/historya433]
[status.cloud.sugarcrm.com/components/5b26a3e987d84436fd54acfe/history0d31]
[status.cloud.sugarcrm.com/components/5b26a3e987d84436fd54acfe/historyf9ce]
[status.cloud.sugarcrm.com/components/5b26a3e987d84436fd54acfe/history2362]
[status.cloud.sugarcrm.com/components/5b26a3e987d84436fd54acfe/historyaf37]
[status.cloud.sugarcrm.com/components/5b26a3e987d84436fd54acfe/history4c33]
[status.cloud.sugarcrm.com/components/5b26a3e987d84436fd54acfe7038]
[status.cloud.sugarcrm.com/components/5b26a3fe87d84436fd54ad097038]
[status.cloud.sugarcrm.com/components/5b26c0834e80f1268d93b536/history7038]
[status.cloud.sugarcrm.com/components/5b26c0834e80f1268d93b536/historybd4b]
[status.cloud.sugarcrm.com/components/5b26c0834e80f1268d93b536/historya433]
[status.cloud.sugarcrm.com/components/5b26c0834e80f1268d93b536/history0d31]
[status.cloud.sugarcrm.com/components/5b26c0834e80f1268d93b536/historyf9ce]
[status.cloud.sugarcrm.com/components/5b26c0834e80f1268d93b536/history2362]
[status.cloud.sugarcrm.com/components/5b26c0834e80f1268d93b536/historyaf37]
[status.cloud.sugarcrm.com/components/5b26c0834e80f1268d93b536/history4c33]
[status.cloud.sugarcrm.com/components/5b26c0834e80f1268d93b5367038]
[status.cloud.sugarcrm.com/components/5b26c0aa4e80f1268d93b541/history7038]
[status.cloud.sugarcrm.com/components/5b26c0aa4e80f1268d93b541/historybd4b]
[status.cloud.sugarcrm.com/components/5b26c0aa4e80f1268d93b541/historya433]
[status.cloud.sugarcrm.com/components/5b26c0aa4e80f1268d93b541/history0d31]
[status.cloud.sugarcrm.com/components/5b26c0aa4e80f1268d93b541/historyf9ce]
[status.cloud.sugarcrm.com/components/5b26c0aa4e80f1268d93b541/history2362]
[status.cloud.sugarcrm.com/components/5b26c0aa4e80f1268d93b541/historyaf37]
[status.cloud.sugarcrm.com/components/5b26c0aa4e80f1268d93b541/history4c33]
[status.cloud.sugarcrm.com/components/5b26c0aa4e80f1268d93b5417038]
[status.cloud.sugarcrm.com/components/5b26bf884e80f1268d93b4fe7038]
[status.cloud.sugarcrm.com/components/5b26bfb94e80f1268d93b5097038]
[status.cloud.sugarcrm.com/components/5b26c01d4e80f1268d93b5147038]
[status.cloud.sugarcrm.com/components/5b26c03d4e80f1268d93b51f/history7038]
[status.cloud.sugarcrm.com/components/5b26c03d4e80f1268d93b51f/historybd4b]
[status.cloud.sugarcrm.com/components/5b26c03d4e80f1268d93b51f/historya433]
[status.cloud.sugarcrm.com/components/5b26c03d4e80f1268d93b51f/history0d31]
[status.cloud.sugarcrm.com/components/5b26c03d4e80f1268d93b51f/historyf9ce]
[status.cloud.sugarcrm.com/components/5b26c03d4e80f1268d93b51f/history2362]
[status.cloud.sugarcrm.com/components/5b26c03d4e80f1268d93b51f/historyaf37]
[status.cloud.sugarcrm.com/components/5b26c03d4e80f1268d93b51f/history4c33]
[status.cloud.sugarcrm.com/components/5b26c03d4e80f1268d93b51f7038]
[status.cloud.sugarcrm.com/components/5b26c05b4e80f1268d93b52a7038]
[status.cloud.sugarcrm.com/history7038]
[status.cloud.sugarcrm.com/components/5b26a31087d84436fd54acd0/history63fd]
